---
source: starstream-compiler/src/typecheck/tests.rs
description: "Source:\n\nfn test() {\n    Missing::Value;\n}\n"
---
]8;;https://starstream.nightstream.dev/errors/E0017\E0017 (link)]8;;\

  x unknown enum `Missing`
   ,-[test.star:2:5]
 1 | fn test() {
 2 |     Missing::Value;
   :     ^^^^^^^
 3 | }
   `----
