---
source: starstream-compiler/src/typecheck/tests.rs
description: "Source:\n\nenum Color {\n    Red,\n    Green,\n    Blue,\n}\n\nfn test(c: Color) -> i64 {\n    match c {\n        Color::Red => {\n            0\n        },\n        _ => {\n            1\n        },\n    }\n}\n"
---
T-Fn: test => i64
  T-ReturnTail: match c {
    Color::Red => {
        0
    },
    _ => {
        1
    },
} => t3
    T-Match: {c: enum Color {
    Red,
    Green,
    Blue,
}} ⊢ match c {
    Color::Red => {
        0
    },
    _ => {
        1
    },
} ⇒ t3
      T-Var: {c: enum Color {
    Red,
    Green,
    Blue,
}} ⊢ c ⇒ Color
      Unify-Enum: Color ~ Color => {}
      T-Tail: 0 => t3
        T-Int: {c: enum Color {
    Red,
    Green,
    Blue,
}} ⊢ 0 ⇒ t3
      T-Tail: 1 => t4
        T-Int: {c: enum Color {
    Red,
    Green,
    Blue,
}} ⊢ 1 ⇒ t4
      Unify-Var: t4 ~ t3 => t3
    Unify-Var: t3 ~ i64 => {i64/t3}
