---
source: starstream-compiler/src/typecheck/tests.rs
description: "Source:\n\nfn test() {\n    let mut score = 10;\n    if (score > 5) {\n        score = score + 1;\n    }\n}\n"
---
T-Fn: test => ()
  T-Let: {test: fn() -> () [test]} ⊢ let mut score = 10; ⇒ i64
    T-Int: {test: fn() -> () [test]} ⊢ 10 ⇒ i64
  T-ReturnTail: if (score > 5) {
    score = score + 1;
} => ()
    T-If: {score: i64, test: fn() -> () [test]} ⊢ if (score > 5) {
    score = score + 1;
} ⇒ ()
      T-Bin-Gt: {score: i64, test: fn() -> () [test]} ⊢ score > 5 ⇒ bool
        T-Var: {score: i64, test: fn() -> () [test]} ⊢ score ⇒ i64
        T-Int: {score: i64, test: fn() -> () [test]} ⊢ 5 ⇒ i64
        Check-Compare: i64 vs i64 => ok (int)
          Unify-Var: i64 ~ i64 => {i64/t3}
      Check-Bool: bool => ok
      T-Assign: {score: i64, test: fn() -> () [test]} ⊢ score = score + 1; ⇒ i64
        T-Bin-Add: {score: i64, test: fn() -> () [test]} ⊢ score + 1 ⇒ i64
          T-Var: {score: i64, test: fn() -> () [test]} ⊢ score ⇒ i64
          T-Int: {score: i64, test: fn() -> () [test]} ⊢ 1 ⇒ i64
          Unify-Var: i64 ~ i64 => {i64/t4}
        Unify-Var: i64 ~ i64 => {}
      Unify-Const: () ~ () => {}
    Unify-Const: () ~ () => {}
