---
source: starstream-compiler/src/typecheck/tests.rs
description: "Source:\n\nfn test() {\n    let x = Option::Some(42);\n}\n"
---
T-Fn: test => ()
  T-Let: {} ⊢ let x = Option::Some(42); ⇒ Option<t3>
    T-EnumCtor: {} ⊢ Option::Some(42) ⇒ Option<t3>
      T-Int: {} ⊢ 42 ⇒ t4
      Unify-Var: t4 ~ t3 => {t3/t4}
