---
source: starstream-compiler/src/typecheck/tests.rs
description: "Source:\n\nstruct Point {\n    x: i64,\n}\n\nfn test() {\n    Point {\n        x: true,\n    };\n}\n"
---
starstream::type::mismatch

  x expected type `i64`, found `bool`
   ,-[test.star:7:12]
 6 |     Point {
 7 |         x: true,
   :         |  ^^|^
   :         |    `-- has type `bool`
   :         `-- has type `i64`
 8 |     };
   `----
