---
source: starstream-compiler/src/typecheck/tests.rs
description: "Source:\n\nimport cardano from starstream:std/cardano;\n\nfn main() {\n    let x = cardano::nonexistent();\n}\n"
---
E0037 (https://starstream.nightstream.dev/errors/E0037)

  x unknown function `nonexistent` in `cardano`
   ,-[test.star:4:22]
 3 | fn main() {
 4 |     let x = cardano::nonexistent();
   :                      ^^^^^^^^^^^
 5 | }
   `----
