---
source: starstream-compiler/src/typecheck/tests.rs
description: "Source:\n\nenum Message {\n    Ping(i64),\n}\n\nfn test() {\n    Message::Ping();\n}\n"
---
E0030 (https://starstream.nightstream.dev/errors/E0030)

  x function expects 1 argument but 0 were provided
   ,-[test.star:6:5]
 5 | fn test() {
 6 |     Message::Ping();
   :     ^^^^^^^^^^^^^^^
 7 | }
   `----
