---
source: starstream-compiler/src/typecheck/tests.rs
description: "Source:\n\nstruct User {\n    name: i64,\n    age: i64,\n    email: i64,\n}\n\nstruct ZOrder {\n    z: i64,\n    a: i64,\n}\n\nfn test() {\n    let u = User {\n        name: 1,\n        age: 2,\n        email: 3,\n    };\n    let z = ZOrder {\n        z: 1,\n        a: 2,\n    };\n}\n"
---
T-Fn: test => ()
  T-Let: {} ⊢ let u = User {
    name: 1,
    age: 2,
    email: 3,
}; ⇒ User
    T-StructLit: {} ⊢ User {
    name: 1,
    age: 2,
    email: 3,
} ⇒ User
      T-Int: {} ⊢ 1 ⇒ t3
      Unify-Var: t3 ~ i64 => {i64/t3}
      T-Int: {} ⊢ 2 ⇒ t4
      Unify-Var: t4 ~ i64 => {i64/t4}
      T-Int: {} ⊢ 3 ⇒ t5
      Unify-Var: t5 ~ i64 => {i64/t5}
  T-Let: {u: struct User {
    name: i64,
    age: i64,
    email: i64,
}} ⊢ let z = ZOrder {
    z: 1,
    a: 2,
}; ⇒ ZOrder
    T-StructLit: {u: struct User {
    name: i64,
    age: i64,
    email: i64,
}} ⊢ ZOrder {
    z: 1,
    a: 2,
} ⇒ ZOrder
      T-Int: {u: struct User {
    name: i64,
    age: i64,
    email: i64,
}} ⊢ 1 ⇒ t6
      Unify-Var: t6 ~ i64 => {i64/t6}
      T-Int: {u: struct User {
    name: i64,
    age: i64,
    email: i64,
}} ⊢ 2 ⇒ t7
      Unify-Var: t7 ~ i64 => {i64/t7}
