---
source: starstream-compiler/src/typecheck/tests.rs
description: "Source:\n\nfn test() {\n    let left = 1;\n    let right = 2;\n    let total = left + right;\n}\n"
---
T-Fn: test => ()
  T-Let: {} ⊢ let left = 1; ⇒ t3
    T-Int: {} ⊢ 1 ⇒ t3
  T-Let: {left: t3} ⊢ let right = 2; ⇒ t4
    T-Int: {left: t3} ⊢ 2 ⇒ t4
  T-Let: {left: t3, right: t4} ⊢ let total = left + right; ⇒ t4
    T-Bin-Add: {left: t3, right: t4} ⊢ left + right ⇒ t4
      T-Var: {left: t3, right: t4} ⊢ left ⇒ t3
      T-Var: {left: t3, right: t4} ⊢ right ⇒ t4
      Unify-Var: t3 ~ t4 => {t4/t3}
