---
source: starstream-compiler/src/typecheck/tests.rs
description: "Source:\n\nfn test() {\n    let mut score = 10;\n    if (score > 5) {\n        score = score + 1;\n    }\n}\n"
---
T-Fn: test => ()
  T-Let: {} ⊢ let mut score = 10; ⇒ t3
    T-Int: {} ⊢ 10 ⇒ t3
  T-ReturnTail: if (score > 5) {
    score = score + 1;
} => ()
    T-If: {score: t3} ⊢ if (score > 5) {
    score = score + 1;
} ⇒ ()
      T-Bin-Gt: {score: t3} ⊢ score > 5 ⇒ bool
        T-Var: {score: t3} ⊢ score ⇒ t3
        T-Int: {score: t3} ⊢ 5 ⇒ t4
        Check-Compare: t3 vs t4 => ok (int)
          Unify-Var: t3 ~ t4 => {t4/t3}
      Check-Bool: bool => ok
      T-Assign: {score: t3} ⊢ score = score + 1; ⇒ t3
        T-Bin-Add: {score: t3} ⊢ score + 1 ⇒ t5
          T-Var: {score: t3} ⊢ score ⇒ t3
          T-Int: {score: t3} ⊢ 1 ⇒ t5
          Unify-Var: t4 ~ t5 => {t5/t4}
        Unify-Var: t5 ~ t5 => {}
      Unify-Const: () ~ () => {}
    Unify-Const: () ~ () => {}
