---
source: starstream-compiler/src/typecheck/tests.rs
description: "Source:\n\nfn test() {\n    let value = 42;\n    value();\n}\n"
---
E0029 (https://starstream.nightstream.dev/errors/E0029)

  x cannot call value of type `i64` as a function
   ,-[test.star:3:5]
 2 |     let value = 42;
 3 |     value();
   :     ^^^^^
 4 | }
   `----
