---
source: starstream-compiler/src/typecheck/tests.rs
description: "Source:\n\nstruct Point {\n    x: i64,\n    x: i64,\n}\n"
---
]8;;https://starstream.nightstream.dev/errors/E0014\E0014 (link)]8;;\

  x field `x` appears multiple times in struct `Point`
   ,-[test.star:3:5]
 1 | struct Point {
 2 |     x: i64,
   :     |
   :     `-- first defined here
 3 |     x: i64,
   :     |
   :     `-- duplicate
 4 | }
   `----
