---
source: starstream-compiler/src/typecheck/tests.rs
description: "Source:\n\nfn test(b: bool) -> i64 {\n    match b {\n        true => {\n            1\n        },\n        false => {\n            0\n        },\n    }\n}\n"
---
T-Fn: test => i64
  T-ReturnTail: match b {
    true => {
        1
    },
    false => {
        0
    },
} => t3
    T-Match: {b: bool} ⊢ match b {
    true => {
        1
    },
    false => {
        0
    },
} ⇒ t3
      T-Var: {b: bool} ⊢ b ⇒ bool
      Unify-Const: bool ~ bool => {}
      T-Tail: 1 => t3
        T-Int: {b: bool} ⊢ 1 ⇒ t3
      Unify-Const: bool ~ bool => {}
      T-Tail: 0 => t4
        T-Int: {b: bool} ⊢ 0 ⇒ t4
      Unify-Var: t4 ~ t3 => t3
    Unify-Var: t3 ~ i64 => {i64/t3}
