---
source: starstream-to-wasm/tests/baseline.rs
description: "Program { statements: [VariableDeclaration { name: Identifier { name: \"foo\", span: None }, value: Spanned { node: Literal(Integer(0)), span: 0..0 } }, While { condition: Spanned { node: Binary { op: Less, left: Spanned { node: Identifier(Identifier { name: \"foo\", span: None }), span: 0..0 }, right: Spanned { node: Literal(Integer(10)), span: 0..0 } }, span: 0..0 }, body: Block { statements: [Assignment { target: Identifier { name: \"foo\", span: None }, value: Spanned { node: Binary { op: Add, left: Spanned { node: Identifier(Identifier { name: \"foo\", span: None }), span: 0..0 }, right: Spanned { node: Literal(Integer(1)), span: 0..0 } }, span: 0..0 } }] } }] }"
---
(module
  (type (;0;) (func))
  (export "main" (func 0))
  (func (;0;) (type 0)
    (local i64)
    (local.set 0
      (i64.const 0))
    (block ;; label = @1
      (loop ;; label = @2
        (br_if 1 (;@1;)
          (i32.eqz
            (i64.lt_s
              (local.get 0)
              (i64.const 10))))
        (local.set 0
          (i64.add
            (local.get 0)
            (i64.const 1)))
        (br 0 (;@2;))))
  )
)
