---
source: starstream-compiler/src/formatter.rs
description: "Code:\n\nstruct Builder {\n    value: i64,\n}\n\nfn build(b: Builder) -> i64 {\n    b.value\n}\n\nfn main() {\n    let b = Builder { value: 5 };\n    let result = build(b);\n}\n"
---
struct Builder {
    value: i64,
}

fn build(b: Builder) -> i64 {
    b.value
}

fn main() {
    let b = Builder {
        value: 5,
    };
    let result = build(b);
}
