---
source: starstream-compiler/src/parser/expression/mod.rs
description: "Code:\n\n// Transfer event\nemit Transfer(from, to, amount)\n"
---
Spanned {
    node: Emit {
        event: Identifier {
            name: "Transfer",
            span: Some(
                23..31,
            ),
        },
        args: [
            Spanned {
                node: Identifier(
                    Identifier {
                        name: "from",
                        span: Some(
                            32..36,
                        ),
                    },
                ),
                span: 32..36,
                comments_before: [],
                comments_after: [],
            },
            Spanned {
                node: Identifier(
                    Identifier {
                        name: "to",
                        span: Some(
                            38..40,
                        ),
                    },
                ),
                span: 38..40,
                comments_before: [],
                comments_after: [],
            },
            Spanned {
                node: Identifier(
                    Identifier {
                        name: "amount",
                        span: Some(
                            42..48,
                        ),
                    },
                ),
                span: 42..48,
                comments_before: [],
                comments_after: [],
            },
        ],
    },
    span: 0..50,
    comments_before: [
        Comment(
            0..18,
        ),
    ],
    comments_after: [],
}
