---
source: starstream-compiler/src/parser/definition/enum_def.rs
description: "Code:\n\nenum Option { Some(i64), None }"
---
EnumDef {
    name: Identifier {
        name: "Option",
        span: 5..11,
    },
    variants: [
        EnumVariant {
            name: Identifier {
                name: "Some",
                span: 14..18,
            },
            payload: Tuple(
                [
                    TypeAnnotation {
                        name: Identifier {
                            name: "i64",
                            span: 19..22,
                        },
                        generics: [],
                    },
                ],
            ),
            span: 14..23,
        },
        EnumVariant {
            name: Identifier {
                name: "None",
                span: 25..29,
            },
            payload: Unit,
            span: 25..30,
        },
    ],
}
