---
source: starstream-compiler/src/parser/definition/enum_def.rs
description: "Code:\n\nenum Result { Ok { value: i64 }, Err { msg: i64 } }"
---
EnumDef {
    name: Identifier {
        name: "Result",
        span: 5..11,
    },
    variants: [
        EnumVariant {
            name: Identifier {
                name: "Ok",
                span: 14..16,
            },
            payload: Struct(
                [
                    StructField {
                        name: Identifier {
                            name: "value",
                            span: 19..24,
                        },
                        ty: TypeAnnotation {
                            name: Identifier {
                                name: "i64",
                                span: 26..29,
                            },
                            generics: [],
                        },
                        span: 19..30,
                    },
                ],
            ),
            span: 14..31,
        },
        EnumVariant {
            name: Identifier {
                name: "Err",
                span: 33..36,
            },
            payload: Struct(
                [
                    StructField {
                        name: Identifier {
                            name: "msg",
                            span: 39..42,
                        },
                        ty: TypeAnnotation {
                            name: Identifier {
                                name: "i64",
                                span: 44..47,
                            },
                            generics: [],
                        },
                        span: 39..48,
                    },
                ],
            ),
            span: 33..50,
        },
    ],
}
