---
source: starstream-compiler/src/parser/definition/import.rs
description: "Code:\n\nimport { add as plus } from \"./helpers/math.star\";"
---
ImportDef {
    items: Named(
        [
            ImportNamedItem {
                imported: Identifier {
                    name: "add",
                    span: 9..12,
                },
                local: Identifier {
                    name: "plus",
                    span: 16..20,
                },
            },
        ],
    ),
    from: Path(
        ImportPath {
            value: "./helpers/math.star",
            span: 28..49,
        },
    ),
}
