---
source: starstream-compiler/src/parser/definition/enum_def.rs
description: "Code:\n\nenum Color { Red, Green, Blue }"
---
EnumDef {
    name: Identifier {
        name: "Color",
        span: 5..10,
    },
    variants: [
        EnumVariant {
            name: Identifier {
                name: "Red",
                span: 13..16,
            },
            payload: Unit,
            span: 13..16,
        },
        EnumVariant {
            name: Identifier {
                name: "Green",
                span: 18..23,
            },
            payload: Unit,
            span: 18..23,
        },
        EnumVariant {
            name: Identifier {
                name: "Blue",
                span: 25..29,
            },
            payload: Unit,
            span: 25..30,
        },
    ],
}
