---
source: starstream-to-wasm/tests/snapshots.rs
input_file: starstream-to-wasm/tests/inputs/yield.star
---
==== AST ====
Program {
    shebang: None,
    definitions: [
        Spanned {
            node: Abi(
                AbiDef {
                    name: Identifier {
                        name: "Foo",
                        span: 4..7,
                    },
                    parts: [
                        FnDecl(
                            AbiMethodDecl {
                                name: Identifier {
                                    name: "foo",
                                    span: 17..20,
                                },
                                params: [],
                                return_type: None,
                                span: 14..24,
                            },
                        ),
                    ],
                },
            ),
            span: 0..27,
        },
        Spanned {
            node: Utxo(
                UtxoDef {
                    name: Identifier {
                        name: "MyUtxo",
                        span: 32..38,
                    },
                    parts: [
                        AbiImpl {
                            abi: Identifier {
                                name: "Foo",
                                span: 50..53,
                            },
                            parts: [
                                FunctionDef {
                                    export: None,
                                    name: Identifier {
                                        name: "foo",
                                        span: 67..70,
                                    },
                                    params: [],
                                    return_type: None,
                                    body: Block {
                                        statements: [],
                                        tail_expression: None,
                                        span: 73..81,
                                    },
                                },
                            ],
                        },
                        Function(
                            FunctionDef {
                                export: Some(
                                    UtxoMain,
                                ),
                                name: Identifier {
                                    name: "hello_utxo",
                                    span: 95..105,
                                },
                                params: [],
                                return_type: None,
                                body: Block {
                                    statements: [
                                        Spanned {
                                            node: Expression(
                                                Spanned {
                                                    node: Yield {
                                                        abis: [
                                                            Identifier {
                                                                name: "Foo",
                                                                span: 124..127,
                                                            },
                                                        ],
                                                    },
                                                    span: 118..128,
                                                },
                                            ),
                                            span: 118..134,
                                        },
                                    ],
                                    tail_expression: None,
                                    span: 108..136,
                                },
                            },
                        ),
                    ],
                },
            ),
            span: 27..138,
        },
    ],
}

==== Inference trace ====

T-Utxo: MyUtxo => 
  T-Fn: foo => ()
  T-Fn: hello_utxo => ()
    T-Expr: {foo: fn() -> (), hello_utxo: fn() -> ()} ⊢ yield(Foo); ⇒ ()

==== Typed AST ====
TypedProgram {
    definitions: [
        Abi(
            TypedAbiDef {
                name: Identifier {
                    name: "Foo",
                    span: 4..7,
                },
                parts: [
                    FnDecl(
                        TypedAbiMethodDecl {
                            name: Identifier {
                                name: "foo",
                                span: 17..20,
                            },
                            params: [],
                            return_type: Unit,
                            span: 17..20,
                        },
                    ),
                ],
            },
        ),
        Utxo(
            TypedUtxoDef {
                name: Identifier {
                    name: "MyUtxo",
                    span: 32..38,
                },
                parts: [
                    AbiImpl {
                        span: 50..53,
                        abi: AbiNarrow(
                            Abi {
                                name: Identifier {
                                    name: "Foo",
                                    span: 4..7,
                                },
                                methods: [
                                    TypedAbiMethodDecl {
                                        name: Identifier {
                                            name: "foo",
                                            span: 17..20,
                                        },
                                        params: [],
                                        return_type: Unit,
                                        span: 17..20,
                                    },
                                ],
                            },
                        ),
                        parts: [
                            TypedFunctionDef {
                                export: None,
                                name: Identifier {
                                    name: "foo",
                                    span: 67..70,
                                },
                                params: [],
                                return_type: Unit,
                                effect: Pure,
                                body: TypedBlock {
                                    statements: [],
                                    tail_expression: None,
                                },
                            },
                        ],
                    },
                    Function(
                        TypedFunctionDef {
                            export: Some(
                                UtxoMain,
                            ),
                            name: Identifier {
                                name: "hello_utxo",
                                span: 95..105,
                            },
                            params: [],
                            return_type: Unit,
                            effect: Pure,
                            body: TypedBlock {
                                statements: [
                                    Expression(
                                        Spanned {
                                            node: TypedExpr {
                                                ty: Unit,
                                                kind: Yield {
                                                    abis: [
                                                        AbiNarrow(
                                                            Abi {
                                                                name: Identifier {
                                                                    name: "Foo",
                                                                    span: 4..7,
                                                                },
                                                                methods: [
                                                                    TypedAbiMethodDecl {
                                                                        name: Identifier {
                                                                            name: "foo",
                                                                            span: 17..20,
                                                                        },
                                                                        params: [],
                                                                        return_type: Unit,
                                                                        span: 17..20,
                                                                    },
                                                                ],
                                                            },
                                                        ),
                                                    ],
                                                },
                                            },
                                            span: 118..128,
                                        },
                                    ),
                                ],
                                tail_expression: None,
                            },
                        },
                    ),
                ],
                ty: UtxoNamed(
                    "MyUtxo",
                ),
            },
        ),
    ],
}

==== Core WebAssembly ====
(module
  (type (;0;) (func))
  (export "hello-utxo" (func 1))
  (func (;0;) (type 0))
  (func (;1;) (type 0)
    (return)
  )
  (@custom "component-type"
    (component
      (@custom "wit-component-encoding" "\04\00")
      (type (;0;)
        (component
          (type (;0;)
            (component
              (import "my-utxo" (type (;0;) (sub resource)))
              (type (;1;) (func))
              (export (;0;) "hello-utxo" (func (type 1)))
            )
          )
          (export (;0;) "my-namespace:my-package/my-world" (component (type 0)))
        )
      )
      (export (;1;) "x" (type 0))
    )
  )
)

==== WIT ====
package root:component;

world root {
  resource my-utxo;

  export hello-utxo: func();
}
