---
source: starstream-to-wasm/tests/snapshots.rs
input_file: starstream-to-wasm/tests/inputs/struct_definition.star
---
==== AST ====
Program {
    shebang: None,
    definitions: [
        Spanned {
            node: Struct(
                StructDef {
                    name: Identifier {
                        name: "Point",
                        span: 7..12,
                    },
                    fields: [
                        StructField {
                            name: Identifier {
                                name: "x",
                                span: 19..20,
                            },
                            ty: Named {
                                name: [
                                    Identifier {
                                        name: "i64",
                                        span: 22..25,
                                    },
                                ],
                                generics: [],
                            },
                            span: 19..25,
                        },
                        StructField {
                            name: Identifier {
                                name: "y",
                                span: 31..32,
                            },
                            ty: Named {
                                name: [
                                    Identifier {
                                        name: "i64",
                                        span: 34..37,
                                    },
                                ],
                                generics: [],
                            },
                            span: 31..37,
                        },
                        StructField {
                            name: Identifier {
                                name: "w_z",
                                span: 43..46,
                            },
                            ty: Named {
                                name: [
                                    Identifier {
                                        name: "i64",
                                        span: 48..51,
                                    },
                                ],
                                generics: [],
                            },
                            span: 43..51,
                        },
                    ],
                },
            ),
            span: 0..55,
        },
    ],
}

==== Inference trace ====

==== Typed AST ====
TypedProgram {
    definitions: [
        Struct(
            TypedStructDef {
                ty: RecordType {
                    name: Identifier {
                        name: "Point",
                        span: 7..12,
                    },
                    fields: [
                        RecordFieldType {
                            name: Identifier {
                                name: "x",
                                span: 19..20,
                            },
                            ty: Int(
                                I64,
                            ),
                        },
                        RecordFieldType {
                            name: Identifier {
                                name: "y",
                                span: 31..32,
                            },
                            ty: Int(
                                I64,
                            ),
                        },
                        RecordFieldType {
                            name: Identifier {
                                name: "w_z",
                                span: 43..46,
                            },
                            ty: Int(
                                I64,
                            ),
                        },
                    ],
                },
            },
        ),
    ],
}

==== Core WebAssembly ====
(module
  (type (;0;) (func (param i32 i64 i64 i64 i64) (result i32)))
  (import "starstream:std/builtin" "[method]utxo.has-method" (func (;0;) (type 0)))
  (@custom "component-type"
    (component
      (@custom "wit-component-encoding" "\04\00")
      (type (;0;)
        (component
          (type (;0;)
            (component
              (type (;0;)
                (instance
                  (export (;0;) "utxo" (type (sub resource)))
                  (type (;1;) (borrow 0))
                  (type (;2;) (own 0))
                  (type (;3;) (tuple u64 u64 u64 u64))
                  (type (;4;) (func (param "self" 1) (param "hash" 3) (result bool)))
                  (export (;0;) "[method]utxo.has-method" (func (type 4)))
                  (export (;5;) "token" (type (sub resource)))
                  (type (;6;) (borrow 5))
                  (type (;7;) (own 5))
                )
              )
              (import "starstream:std/builtin" (instance (;0;) (type 0)))
              (alias export 0 "utxo" (type (;1;)))
              (import "s-utxo" (type (;2;) (eq 1)))
              (type (;3;) (borrow 2))
              (type (;4;) (own 2))
              (alias export 0 "token" (type (;5;)))
              (import "s-token" (type (;6;) (eq 5)))
              (type (;7;) (borrow 6))
              (type (;8;) (own 6))
              (type (;9;) (record (field "x" s64) (field "y" s64) (field "w-z" s64)))
              (import "point" (type (;10;) (eq 9)))
            )
          )
          (export (;0;) "my-namespace:my-package/my-world" (component (type 0)))
        )
      )
      (export (;1;) "x" (type 0))
    )
  )
)

==== WIT ====
package root:component;

world root {
  import starstream:std/builtin;
  use starstream:std/builtin.{utxo as s-utxo, token as s-token};

  record point {
    x: s64,
    y: s64,
    w-z: s64,
  }
}
package starstream:std {
  interface builtin {
    resource utxo {
      has-method: func(hash: tuple<u64, u64, u64, u64>) -> bool;
    }

    resource token;
  }
}
