---
source: starstream-to-wasm/tests/snapshots.rs
input_file: starstream-to-wasm/tests/inputs/struct_param.star
---
==== AST ====
Program {
    shebang: None,
    definitions: [
        Spanned {
            node: Struct(
                StructDef {
                    name: Identifier {
                        name: "Item",
                        span: 7..11,
                    },
                    fields: [
                        StructField {
                            name: Identifier {
                                name: "amount",
                                span: 18..24,
                            },
                            ty: TypeAnnotation {
                                name: Identifier {
                                    name: "i64",
                                    span: 26..29,
                                },
                                generics: [],
                            },
                            span: 18..29,
                        },
                        StructField {
                            name: Identifier {
                                name: "price",
                                span: 35..40,
                            },
                            ty: TypeAnnotation {
                                name: Identifier {
                                    name: "i64",
                                    span: 42..45,
                                },
                                generics: [],
                            },
                            span: 35..45,
                        },
                    ],
                },
            ),
            span: 0..50,
        },
        Spanned {
            node: Function(
                FunctionDef {
                    export: Some(
                        Script,
                    ),
                    name: Identifier {
                        name: "total_value",
                        span: 60..71,
                    },
                    params: [
                        FunctionParam {
                            public: false,
                            name: Identifier {
                                name: "item",
                                span: 72..76,
                            },
                            ty: TypeAnnotation {
                                name: Identifier {
                                    name: "Item",
                                    span: 78..82,
                                },
                                generics: [],
                            },
                        },
                    ],
                    return_type: Some(
                        TypeAnnotation {
                            name: Identifier {
                                name: "i64",
                                span: 87..90,
                            },
                            generics: [],
                        },
                    ),
                    body: Block {
                        statements: [],
                        tail_expression: Some(
                            Spanned {
                                node: Binary {
                                    op: Multiply,
                                    left: Spanned {
                                        node: FieldAccess {
                                            target: Spanned {
                                                node: Identifier(
                                                    Identifier {
                                                        name: "item",
                                                        span: 97..101,
                                                    },
                                                ),
                                                span: 97..101,
                                            },
                                            field: Identifier {
                                                name: "amount",
                                                span: 102..108,
                                            },
                                        },
                                        span: 97..109,
                                    },
                                    right: Spanned {
                                        node: FieldAccess {
                                            target: Spanned {
                                                node: Identifier(
                                                    Identifier {
                                                        name: "item",
                                                        span: 111..115,
                                                    },
                                                ),
                                                span: 111..115,
                                            },
                                            field: Identifier {
                                                name: "price",
                                                span: 116..121,
                                            },
                                        },
                                        span: 111..122,
                                    },
                                },
                                span: 97..122,
                            },
                        ),
                        span: 91..124,
                    },
                },
            ),
            span: 50..124,
        },
    ],
}

==== Inference trace ====

T-Fn: total_value => i64
  T-ReturnTail: item.amount * item.price => i64
    T-Bin-Mul: {item: Item, total_value: fn(Item) -> i64} ⊢ item.amount * item.price ⇒ i64
      T-FieldAccess: {item: Item, total_value: fn(Item) -> i64} ⊢ item.amount ⇒ i64
        T-Var: {item: Item, total_value: fn(Item) -> i64} ⊢ item ⇒ Item
      T-FieldAccess: {item: Item, total_value: fn(Item) -> i64} ⊢ item.price ⇒ i64
        T-Var: {item: Item, total_value: fn(Item) -> i64} ⊢ item ⇒ Item
      Unify-Const: i64 ~ i64 => {}
    Unify-Const: i64 ~ i64 => {}

==== Typed AST ====
TypedProgram {
    has_yields: false,
    definitions: [
        Struct(
            TypedStructDef {
                name: Identifier {
                    name: "Item",
                    span: 7..11,
                },
                fields: [
                    TypedStructField {
                        name: Identifier {
                            name: "amount",
                            span: 18..24,
                        },
                        ty: Int(
                            I64,
                        ),
                    },
                    TypedStructField {
                        name: Identifier {
                            name: "price",
                            span: 35..40,
                        },
                        ty: Int(
                            I64,
                        ),
                    },
                ],
                ty: Record(
                    RecordType {
                        name: "Item",
                        fields: [
                            RecordFieldType {
                                name: "amount",
                                ty: Int(
                                    I64,
                                ),
                            },
                            RecordFieldType {
                                name: "price",
                                ty: Int(
                                    I64,
                                ),
                            },
                        ],
                    },
                ),
            },
        ),
        Function(
            TypedFunctionDef {
                export: Some(
                    Script,
                ),
                name: Identifier {
                    name: "total_value",
                    span: 60..71,
                },
                params: [
                    TypedFunctionParam {
                        public: false,
                        name: Identifier {
                            name: "item",
                            span: 72..76,
                        },
                        ty: Record(
                            RecordType {
                                name: "Item",
                                fields: [
                                    RecordFieldType {
                                        name: "amount",
                                        ty: Int(
                                            I64,
                                        ),
                                    },
                                    RecordFieldType {
                                        name: "price",
                                        ty: Int(
                                            I64,
                                        ),
                                    },
                                ],
                            },
                        ),
                    },
                ],
                return_type: Int(
                    I64,
                ),
                effect: Pure,
                body: TypedBlock {
                    statements: [],
                    tail_expression: Some(
                        Spanned {
                            node: TypedExpr {
                                ty: Int(
                                    I64,
                                ),
                                kind: Binary {
                                    op: Multiply,
                                    left: Spanned {
                                        node: TypedExpr {
                                            ty: Int(
                                                I64,
                                            ),
                                            kind: FieldAccess {
                                                target: Spanned {
                                                    node: TypedExpr {
                                                        ty: Record(
                                                            RecordType {
                                                                name: "Item",
                                                                fields: [
                                                                    RecordFieldType {
                                                                        name: "amount",
                                                                        ty: Int(
                                                                            I64,
                                                                        ),
                                                                    },
                                                                    RecordFieldType {
                                                                        name: "price",
                                                                        ty: Int(
                                                                            I64,
                                                                        ),
                                                                    },
                                                                ],
                                                            },
                                                        ),
                                                        kind: Identifier(
                                                            Identifier {
                                                                name: "item",
                                                                span: 97..101,
                                                            },
                                                        ),
                                                    },
                                                    span: 97..101,
                                                },
                                                field: Identifier {
                                                    name: "amount",
                                                    span: 102..108,
                                                },
                                            },
                                        },
                                        span: 97..109,
                                    },
                                    right: Spanned {
                                        node: TypedExpr {
                                            ty: Int(
                                                I64,
                                            ),
                                            kind: FieldAccess {
                                                target: Spanned {
                                                    node: TypedExpr {
                                                        ty: Record(
                                                            RecordType {
                                                                name: "Item",
                                                                fields: [
                                                                    RecordFieldType {
                                                                        name: "amount",
                                                                        ty: Int(
                                                                            I64,
                                                                        ),
                                                                    },
                                                                    RecordFieldType {
                                                                        name: "price",
                                                                        ty: Int(
                                                                            I64,
                                                                        ),
                                                                    },
                                                                ],
                                                            },
                                                        ),
                                                        kind: Identifier(
                                                            Identifier {
                                                                name: "item",
                                                                span: 111..115,
                                                            },
                                                        ),
                                                    },
                                                    span: 111..115,
                                                },
                                                field: Identifier {
                                                    name: "price",
                                                    span: 116..121,
                                                },
                                            },
                                        },
                                        span: 111..122,
                                    },
                                },
                            },
                            span: 97..122,
                        },
                    ),
                },
            },
        ),
    ],
}

==== Core WebAssembly ====
(module
  (type (;0;) (func (param i64 i64) (result i64)))
  (export "total-value" (func 1))
  (func (;0;) (type 0) (param i64 i64) (result i64)
    (local i64 i64 i64)
    (local.tee 2
      (i64.mul
        (local.tee 3
          (local.get 0))
        (local.tee 4
          (local.get 1))))
    (if ;; label = @1
      (i32.or
        (i32.and
          (i64.eq
            (local.get 3)
            (i64.const -9223372036854775808))
          (i64.eq
            (local.get 4)
            (i64.const -1)))
        (i32.and
          (i64.eq
            (local.get 4)
            (i64.const -9223372036854775808))
          (i64.eq
            (local.get 3)
            (i64.const -1))))
      (then
        (unreachable)))
    (if ;; label = @1
      (i64.ne
        (local.get 4)
        (i64.const 0))
      (then
        (if ;; label = @2
          (i64.ne
            (i64.div_s
              (local.get 2)
              (local.get 4))
            (local.get 3))
          (then
            (unreachable)))))
  )
  (func (;1;) (type 0) (param i64 i64) (result i64)
    (local i64)
    (call 0
      (local.get 0)
      (drop
        (local.get 1))
      (drop
        (local.get 0)
        (local.set 2
          (local.get 1)))
      (local.get 2))
  )
  (@custom "component-type"
    (component
      (@custom "wit-component-encoding" "\04\00")
      (type (;0;)
        (component
          (type (;0;)
            (component
              (type (;0;) (record (field "amount" s64) (field "price" s64)))
              (import "item" (type (;1;) (eq 0)))
              (type (;2;) (func (param "item" 1) (result s64)))
              (export (;0;) "total-value" (func (type 2)))
            )
          )
          (export (;0;) "my-namespace:my-package/my-world" (component (type 0)))
        )
      )
      (export (;1;) "x" (type 0))
    )
  )
)

==== WIT ====
package root:component;

world root {
  record item {
    amount: s64,
    price: s64,
  }

  export total-value: func(item: item) -> s64;
}
