---
source: starstream-to-wasm/tests/snapshots.rs
input_file: starstream-to-wasm/tests/inputs/utxo_fn.star
---
==== AST ====
Program {
    shebang: None,
    definitions: [
        Spanned {
            node: Abi(
                AbiDef {
                    name: Identifier {
                        name: "FooAbi",
                        span: 4..10,
                    },
                    parts: [
                        Event(
                            EventDef {
                                name: Identifier {
                                    name: "HelloEvent",
                                    span: 23..33,
                                },
                                params: [],
                                span: 17..37,
                            },
                        ),
                    ],
                },
            ),
            span: 0..40,
        },
        Spanned {
            node: Utxo(
                UtxoDef {
                    name: Identifier {
                        name: "MyUtxo",
                        span: 45..51,
                    },
                    parts: [
                        Function(
                            FunctionDef {
                                export: None,
                                name: Identifier {
                                    name: "private_fn",
                                    span: 61..71,
                                },
                                params: [],
                                return_type: None,
                                body: Block {
                                    statements: [
                                        Spanned {
                                            node: Expression(
                                                Spanned {
                                                    node: Emit {
                                                        callee: Spanned {
                                                            node: ScopedName(
                                                                [
                                                                    Identifier {
                                                                        name: "HelloEvent",
                                                                        span: 89..99,
                                                                    },
                                                                ],
                                                            ),
                                                            span: 89..99,
                                                        },
                                                        args: [],
                                                    },
                                                    span: 84..101,
                                                },
                                            ),
                                            span: 84..107,
                                        },
                                    ],
                                    tail_expression: None,
                                    span: 74..113,
                                },
                            },
                        ),
                        Function(
                            FunctionDef {
                                export: Some(
                                    UtxoMain,
                                ),
                                name: Identifier {
                                    name: "hello_utxo",
                                    span: 121..131,
                                },
                                params: [],
                                return_type: None,
                                body: Block {
                                    statements: [
                                        Spanned {
                                            node: Expression(
                                                Spanned {
                                                    node: Call {
                                                        callee: Spanned {
                                                            node: ScopedName(
                                                                [
                                                                    Identifier {
                                                                        name: "private_fn",
                                                                        span: 144..154,
                                                                    },
                                                                ],
                                                            ),
                                                            span: 144..154,
                                                        },
                                                        args: [],
                                                    },
                                                    span: 144..156,
                                                },
                                            ),
                                            span: 144..162,
                                        },
                                    ],
                                    tail_expression: None,
                                    span: 134..164,
                                },
                            },
                        ),
                    ],
                },
            ),
            span: 40..166,
        },
    ],
}

==== Inference trace ====

T-Utxo: MyUtxo => 
  T-Fn: private_fn => ()
    T-Expr: {private_fn: fn() -> ()} ⊢ emit HelloEvent(); ⇒ ()
      T-Call: {private_fn: fn() -> ()} ⊢ emit HelloEvent() ⇒ ()
        T-Var: {private_fn: fn() -> ()} ⊢ HelloEvent ⇒ event() -> ()
  T-Fn: hello_utxo => ()
    T-Expr: {hello_utxo: fn() -> (), private_fn: fn() -> ()} ⊢ private_fn(); ⇒ ()
      T-Call: {hello_utxo: fn() -> (), private_fn: fn() -> ()} ⊢ private_fn() ⇒ ()
        T-Var: {hello_utxo: fn() -> (), private_fn: fn() -> ()} ⊢ private_fn ⇒ fn() -> ()

==== Typed AST ====
TypedProgram {
    definitions: [
        Abi(
            TypedAbiDef {
                name: Identifier {
                    name: "FooAbi",
                    span: 4..10,
                },
                parts: [
                    Event(
                        TypedEventDef {
                            name: Identifier {
                                name: "HelloEvent",
                                span: 23..33,
                            },
                            id: NameId(4),
                            params: [],
                        },
                    ),
                ],
            },
        ),
        Utxo(
            TypedUtxoDef {
                name: Identifier {
                    name: "MyUtxo",
                    span: 45..51,
                },
                parts: [
                    Function(
                        TypedFunctionDef {
                            export: None,
                            name: Identifier {
                                name: "private_fn",
                                span: 61..71,
                            },
                            id: NameId(6),
                            params: [],
                            return_type: Unit,
                            body: TypedBlock {
                                statements: [
                                    Expression(
                                        Spanned {
                                            node: TypedExpr {
                                                ty: Unit,
                                                kind: Call {
                                                    callee: Spanned {
                                                        node: TypedExpr {
                                                            ty: Function(
                                                                FunctionType {
                                                                    kind: Emit,
                                                                    name_span: 23..33,
                                                                    params: [],
                                                                    param_spans: [],
                                                                    result: Unit,
                                                                    callee: Some(
                                                                        Named(
                                                                            NameId(4),
                                                                        ),
                                                                    ),
                                                                },
                                                            ),
                                                            kind: ScopedName {
                                                                name: [
                                                                    Identifier {
                                                                        name: "HelloEvent",
                                                                        span: 89..99,
                                                                    },
                                                                ],
                                                                constant: Some(
                                                                    0,
                                                                ),
                                                            },
                                                        },
                                                        span: 89..99,
                                                    },
                                                    args: [],
                                                },
                                            },
                                            span: 89..99,
                                        },
                                    ),
                                ],
                                tail_expression: None,
                            },
                        },
                    ),
                    Function(
                        TypedFunctionDef {
                            export: Some(
                                UtxoMain,
                            ),
                            name: Identifier {
                                name: "hello_utxo",
                                span: 121..131,
                            },
                            id: NameId(5),
                            params: [],
                            return_type: Unit,
                            body: TypedBlock {
                                statements: [
                                    Expression(
                                        Spanned {
                                            node: TypedExpr {
                                                ty: Unit,
                                                kind: Call {
                                                    callee: Spanned {
                                                        node: TypedExpr {
                                                            ty: Function(
                                                                FunctionType {
                                                                    kind: Normal,
                                                                    name_span: 61..71,
                                                                    params: [],
                                                                    param_spans: [],
                                                                    result: Unit,
                                                                    callee: Some(
                                                                        Named(
                                                                            NameId(6),
                                                                        ),
                                                                    ),
                                                                },
                                                            ),
                                                            kind: ScopedName {
                                                                name: [
                                                                    Identifier {
                                                                        name: "private_fn",
                                                                        span: 144..154,
                                                                    },
                                                                ],
                                                                constant: None,
                                                            },
                                                        },
                                                        span: 144..154,
                                                    },
                                                    args: [],
                                                },
                                            },
                                            span: 144..154,
                                        },
                                    ),
                                ],
                                tail_expression: None,
                            },
                        },
                    ),
                ],
                ty: UtxoNamed(
                    "MyUtxo",
                ),
            },
        ),
    ],
}

==== Core WebAssembly ====
(module
  (type (;0;) (func (param i64 i64 i64 i64)))
  (type (;1;) (func))
  (type (;2;) (func (param i32) (result i32)))
  (type (;3;) (func (param i32)))
  (type (;4;) (func (result i32)))
  (import "starstream:std/builtin" "implements-method" (func (;0;) (type 0)))
  (import "starstream:events/foo-abi" "hello-event" (func (;1;) (type 1)))
  (import "[export]my-utxo" "[resource-new]utxo" (func (;2;) (type 2)))
  (import "[export]my-utxo" "[resource-drop]utxo" (func (;3;) (type 3)))
  (import "my-utxo" "[static]utxo.hello-utxo" (func (;4;) (type 4)))
  (global (;0;) (mut i32) (i32.const 0))
  (export "my-utxo#[static]utxo.hello-utxo" (func 7))
  (export "my-utxo#get-storage" (func 8))
  (export "my-utxo#set-storage" (func 9))
  (func (;5;) (type 1)
    (unreachable)
  )
  (func (;6;) (type 1)
    (call 1)
  )
  (func (;7;) (type 4) (result i32)
    (local i32)
    (local.set 0
      (call 2
        (i32.const 0)))
    (call 6)
    (local.get 0)
  )
  (func (;8;) (type 2) (param i32) (result i32)
    (local i32)
    (global.get 0)
  )
  (func (;9;) (type 2) (param i32) (result i32)
    (local i32)
    (global.set 0
      (local.get 0))
    (return_call 2
      (i32.const 0))
  )
  (@custom "component-type"
    (component
      (@custom "wit-component-encoding" "\04\00")
      (type (;0;)
        (component
          (type (;0;)
            (component
              (type (;0;)
                (instance
                  (export (;0;) "utxo" (type (sub resource)))
                  (type (;1;) (own 0))
                  (type (;2;) (func (result 1)))
                  (export (;0;) "[static]utxo.hello-utxo" (func (type 2)))
                  (type (;3;) (record (field "yield" s32)))
                  (export (;4;) "storage" (type (eq 3)))
                  (type (;5;) (borrow 0))
                  (type (;6;) (func (param "self" 5) (result 4)))
                  (export (;1;) "get-storage" (func (type 6)))
                  (type (;7;) (func (param "storage" 4) (result 1)))
                  (export (;2;) "set-storage" (func (type 7)))
                )
              )
              (import "my-utxo" (instance (;0;) (type 0)))
              (type (;1;)
                (instance
                  (type (;0;) (func))
                  (export (;0;) "hello-event" (func (type 0)))
                )
              )
              (import "starstream:events/foo-abi" (instance (;1;) (type 1)))
              (type (;2;)
                (instance
                  (type (;0;) (tuple u64 u64 u64 u64))
                  (type (;1;) (func (param "hash" 0)))
                  (export (;0;) "implements-method" (func (type 1)))
                )
              )
              (import "starstream:std/builtin" (instance (;2;) (type 2)))
              (type (;3;)
                (instance
                  (export (;0;) "utxo" (type (sub resource)))
                  (type (;1;) (own 0))
                  (type (;2;) (func (result 1)))
                  (export (;0;) "[static]utxo.hello-utxo" (func (type 2)))
                  (type (;3;) (record (field "yield" s32)))
                  (export (;4;) "storage" (type (eq 3)))
                  (type (;5;) (borrow 0))
                  (type (;6;) (func (param "self" 5) (result 4)))
                  (export (;1;) "get-storage" (func (type 6)))
                  (type (;7;) (func (param "storage" 4) (result 1)))
                  (export (;2;) "set-storage" (func (type 7)))
                )
              )
              (export (;3;) "my-utxo" (instance (type 3)))
            )
          )
          (export (;0;) "my-namespace:my-package/my-world" (component (type 0)))
        )
      )
      (export (;1;) "x" (type 0))
    )
  )
)

==== WIT ====
package root:component;

world root {
  import my-utxo: interface {
    resource utxo {
      hello-utxo: static func() -> utxo;
    }
  }
  import starstream:events/foo-abi;
  import starstream:std/builtin;

  export my-utxo: interface {
    resource utxo {
      hello-utxo: static func() -> utxo;
    }

    record storage {
      yield: s32,
    }

    get-storage: func(self: borrow<utxo>) -> storage;

    set-storage: func(storage: storage) -> utxo;
  }
}
package starstream:events {
  interface foo-abi {
    hello-event: func();
  }
}


package starstream:std {
  interface builtin {
    implements-method: func(hash: tuple<u64, u64, u64, u64>);
  }
}
