---
source: starstream-to-wasm/tests/snapshots.rs
input_file: starstream-to-wasm/tests/inputs/token_mint.star
---
==== AST ====
Program {
    shebang: None,
    definitions: [
        Spanned {
            node: Token(
                TokenDef {
                    name: Identifier {
                        name: "MyToken",
                        span: 6..13,
                    },
                    parts: [
                        Storage(
                            [
                                TokenGlobal {
                                    indexed: true,
                                    name: Identifier {
                                        name: "supply",
                                        span: 54..60,
                                    },
                                    ty: Named {
                                        name: [
                                            Identifier {
                                                name: "u32",
                                                span: 62..65,
                                            },
                                        ],
                                        generics: [],
                                    },
                                },
                            ],
                        ),
                        Function(
                            FunctionDef {
                                export: Some(
                                    TokenMint,
                                ),
                                name: Identifier {
                                    name: "mint",
                                    span: 85..89,
                                },
                                params: [],
                                return_type: None,
                                body: Block {
                                    statements: [
                                        Spanned {
                                            node: Assignment {
                                                target: Identifier {
                                                    name: "supply",
                                                    span: 102..108,
                                                },
                                                value: Spanned {
                                                    node: Literal(
                                                        Integer(
                                                            IntegerLiteral {
                                                                digits: "1",
                                                                radix: Decimal,
                                                            },
                                                        ),
                                                    ),
                                                    span: 111..112,
                                                },
                                            },
                                            span: 102..118,
                                        },
                                    ],
                                    tail_expression: None,
                                    span: 92..124,
                                },
                            },
                        ),
                        AbiImpl {
                            abi: Identifier {
                                name: "Token",
                                span: 129..134,
                            },
                            parts: [
                                FunctionDef {
                                    export: None,
                                    name: Identifier {
                                        name: "attach",
                                        span: 148..154,
                                    },
                                    params: [
                                        FunctionParam {
                                            public: false,
                                            name: Identifier {
                                                name: "to",
                                                span: 155..157,
                                            },
                                            ty: Named {
                                                name: [
                                                    Identifier {
                                                        name: "Utxo",
                                                        span: 159..163,
                                                    },
                                                ],
                                                generics: [],
                                            },
                                        },
                                    ],
                                    return_type: None,
                                    body: Block {
                                        statements: [],
                                        tail_expression: None,
                                        span: 165..177,
                                    },
                                },
                                FunctionDef {
                                    export: None,
                                    name: Identifier {
                                        name: "detach",
                                        span: 180..186,
                                    },
                                    params: [
                                        FunctionParam {
                                            public: false,
                                            name: Identifier {
                                                name: "source",
                                                span: 187..193,
                                            },
                                            ty: Named {
                                                name: [
                                                    Identifier {
                                                        name: "Utxo",
                                                        span: 195..199,
                                                    },
                                                ],
                                                generics: [],
                                            },
                                        },
                                    ],
                                    return_type: None,
                                    body: Block {
                                        statements: [],
                                        tail_expression: None,
                                        span: 201..209,
                                    },
                                },
                            ],
                        },
                    ],
                },
            ),
            span: 0..213,
        },
    ],
}

==== Inference trace ====
T-Token: MyToken => 
  T-Fn: mint => ()
    T-Assign: {mint: fn() -> (), supply: u32} ⊢ supply = 1; ⇒ u32
      T-Int: {mint: fn() -> (), supply: u32} ⊢ 1 ⇒ i64
      Unify-Var: i64 ~ u32 => {u32/t3}
  T-Fn: attach => ()
  T-Fn: detach => ()

==== Typed AST ====
TypedProgram {
    definitions: [
        Token(
            TypedTokenDef {
                name: Identifier {
                    name: "MyToken",
                    span: 6..13,
                },
                parts: [
                    Storage(
                        [
                            TypedTokenGlobal {
                                indexed: true,
                                name: Identifier {
                                    name: "supply",
                                    span: 54..60,
                                },
                                ty: Int(
                                    U32,
                                ),
                            },
                        ],
                    ),
                    Function(
                        TypedFunctionDef {
                            export: Some(
                                TokenMint,
                            ),
                            name: Identifier {
                                name: "mint",
                                span: 85..89,
                            },
                            id: NameId(5),
                            ty: FunctionType {
                                kind: Normal,
                                name_span: 85..89,
                                params: [],
                                result: Unit,
                                callee: Some(
                                    Named(
                                        NameId(5),
                                    ),
                                ),
                            },
                            body: TypedBlock {
                                statements: [
                                    Assignment {
                                        target: Identifier {
                                            name: "supply",
                                            span: 102..108,
                                        },
                                        value: Spanned {
                                            node: TypedExpr {
                                                ty: Int(
                                                    U32,
                                                ),
                                                kind: Literal(
                                                    Integer(
                                                        IntegerLiteral {
                                                            digits: "1",
                                                            radix: Decimal,
                                                        },
                                                    ),
                                                ),
                                            },
                                            span: 111..112,
                                        },
                                    },
                                ],
                                tail_expression: None,
                            },
                        },
                    ),
                    AbiImpl {
                        span: 129..134,
                        abi: AbiType {
                            name: Identifier {
                                name: "Token",
                                span: 0..0,
                            },
                            methods: [
                                TypedAbiMethodDecl {
                                    name: Identifier {
                                        name: "attach",
                                        span: 0..0,
                                    },
                                    id: NameId(0),
                                    ty: FunctionType {
                                        kind: Normal,
                                        name_span: 0..0,
                                        params: [
                                            TypedFunctionParam {
                                                public: false,
                                                name: Identifier {
                                                    name: "utxo",
                                                    span: 0..0,
                                                },
                                                ty: UtxoAny,
                                                ty_span: 0..0,
                                            },
                                        ],
                                        result: Unit,
                                        callee: Some(
                                            Named(
                                                NameId(0),
                                            ),
                                        ),
                                    },
                                },
                                TypedAbiMethodDecl {
                                    name: Identifier {
                                        name: "detach",
                                        span: 0..0,
                                    },
                                    id: NameId(1),
                                    ty: FunctionType {
                                        kind: Normal,
                                        name_span: 0..0,
                                        params: [
                                            TypedFunctionParam {
                                                public: false,
                                                name: Identifier {
                                                    name: "utxo",
                                                    span: 0..0,
                                                },
                                                ty: UtxoAny,
                                                ty_span: 0..0,
                                            },
                                        ],
                                        result: Unit,
                                        callee: Some(
                                            Named(
                                                NameId(1),
                                            ),
                                        ),
                                    },
                                },
                            ],
                        },
                        parts: [
                            TypedFunctionDef {
                                export: None,
                                name: Identifier {
                                    name: "attach",
                                    span: 148..154,
                                },
                                id: NameId(6),
                                ty: FunctionType {
                                    kind: Normal,
                                    name_span: 148..154,
                                    params: [
                                        TypedFunctionParam {
                                            public: false,
                                            name: Identifier {
                                                name: "to",
                                                span: 155..157,
                                            },
                                            ty: UtxoAny,
                                            ty_span: 159..163,
                                        },
                                    ],
                                    result: Unit,
                                    callee: Some(
                                        Named(
                                            NameId(6),
                                        ),
                                    ),
                                },
                                body: TypedBlock {
                                    statements: [],
                                    tail_expression: None,
                                },
                            },
                            TypedFunctionDef {
                                export: None,
                                name: Identifier {
                                    name: "detach",
                                    span: 180..186,
                                },
                                id: NameId(7),
                                ty: FunctionType {
                                    kind: Normal,
                                    name_span: 180..186,
                                    params: [
                                        TypedFunctionParam {
                                            public: false,
                                            name: Identifier {
                                                name: "source",
                                                span: 187..193,
                                            },
                                            ty: UtxoAny,
                                            ty_span: 195..199,
                                        },
                                    ],
                                    result: Unit,
                                    callee: Some(
                                        Named(
                                            NameId(7),
                                        ),
                                    ),
                                },
                                body: TypedBlock {
                                    statements: [],
                                    tail_expression: None,
                                },
                            },
                        ],
                    },
                ],
                ty: TokenType {
                    name: "MyToken",
                    id: NameId(4),
                },
            },
        ),
    ],
}

==== Core WebAssembly ====
(module
  (type (;0;) (func (param i32) (result i32)))
  (type (;1;) (func (param i32)))
  (type (;2;) (func (result i32)))
  (type (;3;) (func (param i32 i32)))
  (import "[export]my-token" "[resource-new]token" (func (;0;) (type 0)))
  (import "[export]my-token" "[resource-drop]token" (func (;1;) (type 1)))
  (global (;0;) (mut i32) (i32.const 0))
  (export "my-token#[static]token.mint" (func 2))
  (export "my-token#[method]token.attach" (func 3))
  (export "my-token#[method]token.detach" (func 4))
  (export "my-token#get-storage" (func 5))
  (export "my-token#set-storage" (func 6))
  (func (;2;) (type 2) (result i32)
    (local i32)
    (local.set 0
      (call 0
        (i32.const 0)))
    (global.set 0
      (i32.const 1))
    (local.get 0)
  )
  (func (;3;) (type 3) (param i32 i32))
  (func (;4;) (type 3) (param i32 i32))
  (func (;5;) (type 0) (param i32) (result i32)
    (local i32)
    (global.get 0)
  )
  (func (;6;) (type 0) (param i32) (result i32)
    (local i32)
    (global.set 0
      (local.get 0))
    (return_call 0
      (i32.const 0))
  )
  (@custom "component-type"
    (component
      (@custom "wit-component-encoding" "\04\00")
      (type (;0;)
        (component
          (type (;0;)
            (component
              (type (;0;)
                (instance
                  (export (;0;) "utxo" (type (sub resource)))
                  (type (;1;) (borrow 0))
                  (type (;2;) (own 0))
                  (export (;3;) "token" (type (sub resource)))
                  (type (;4;) (borrow 3))
                  (type (;5;) (own 3))
                )
              )
              (import "starstream:std/builtin" (instance (;0;) (type 0)))
              (alias export 0 "utxo" (type (;1;)))
              (import "s-utxo" (type (;2;) (eq 1)))
              (type (;3;) (borrow 2))
              (type (;4;) (own 2))
              (alias export 0 "token" (type (;5;)))
              (import "s-token" (type (;6;) (eq 5)))
              (type (;7;) (borrow 6))
              (type (;8;) (own 6))
              (type (;9;)
                (instance
                  (export (;0;) "token" (type (sub resource)))
                  (type (;1;) (borrow 0))
                  (type (;2;) (own 0))
                  (type (;3;) (func (result 2)))
                  (export (;0;) "[static]token.mint" (func (type 3)))
                  (alias outer 1 1 (type (;4;)))
                  (export (;5;) "s-utxo" (type (eq 4)))
                  (type (;6;) (borrow 5))
                  (type (;7;) (own 5))
                  (type (;8;) (func (param "self" 1) (param "to" 6)))
                  (export (;1;) "[method]token.attach" (func (type 8)))
                  (type (;9;) (func (param "self" 1) (param "source" 6)))
                  (export (;2;) "[method]token.detach" (func (type 9)))
                  (type (;10;) (record (field "supply" s32)))
                  (export (;11;) "storage" (type (eq 10)))
                  (type (;12;) (func (param "self" 1) (result 11)))
                  (export (;3;) "get-storage" (func (type 12)))
                  (type (;13;) (func (param "storage" 11) (result 2)))
                  (export (;4;) "set-storage" (func (type 13)))
                )
              )
              (export (;1;) "my-token" (instance (type 9)))
            )
          )
          (export (;0;) "my-namespace:my-package/my-world" (component (type 0)))
        )
      )
      (export (;1;) "x" (type 0))
    )
  )
)

==== WIT ====
package root:component;

world root {
  import starstream:std/builtin;
  use starstream:std/builtin.{utxo as s-utxo, token as s-token};

  export my-token: interface {
    use starstream:std/builtin.{utxo as s-utxo};

    resource token {
      mint: static func() -> token;
      attach: func(to: borrow<s-utxo>);
      detach: func(source: borrow<s-utxo>);
    }

    record storage {
      supply: s32,
    }

    get-storage: func(self: borrow<token>) -> storage;

    set-storage: func(storage: storage) -> token;
  }
}
package starstream:std {
  interface builtin {
    resource utxo;

    resource token;
  }
}
