---
source: starstream-to-wasm/tests/snapshots.rs
input_file: starstream-to-wasm/tests/inputs/events.star
---
==== AST ====
Program {
    shebang: None,
    definitions: [
        Spanned {
            node: Abi(
                AbiDef {
                    name: Identifier {
                        name: "Foo",
                        span: 4..7,
                    },
                    parts: [
                        Event(
                            EventDef {
                                name: Identifier {
                                    name: "Hello",
                                    span: 20..25,
                                },
                                params: [],
                                span: 14..29,
                            },
                        ),
                    ],
                },
            ),
            span: 0..32,
        },
        Spanned {
            node: Function(
                FunctionDef {
                    export: Some(
                        Script,
                    ),
                    name: Identifier {
                        name: "main",
                        span: 42..46,
                    },
                    params: [],
                    return_type: None,
                    body: Block {
                        statements: [
                            Spanned {
                                node: Expression(
                                    Spanned {
                                        node: Emit {
                                            callee: Spanned {
                                                node: ScopedName(
                                                    [
                                                        Identifier {
                                                            name: "Hello",
                                                            span: 60..65,
                                                        },
                                                    ],
                                                ),
                                                span: 60..65,
                                            },
                                            args: [],
                                        },
                                        span: 55..67,
                                    },
                                ),
                                span: 55..69,
                            },
                        ],
                        tail_expression: None,
                        span: 49..71,
                    },
                },
            ),
            span: 32..71,
        },
    ],
}

==== Inference trace ====

T-Fn: main => ()
  T-Expr: {main: fn() -> () [main]} ⊢ emit Hello(); ⇒ ()
    T-Call: {main: fn() -> () [main]} ⊢ emit Hello() ⇒ ()
      T-Var: {main: fn() -> () [main]} ⊢ Hello ⇒ event() -> () [Hello]

==== Typed AST ====
TypedProgram {
    has_yields: false,
    definitions: [
        Abi(
            TypedAbiDef {
                name: Identifier {
                    name: "Foo",
                    span: 4..7,
                },
                parts: [
                    Event(
                        TypedEventDef {
                            name: Identifier {
                                name: "Hello",
                                span: 20..25,
                            },
                            params: [],
                        },
                    ),
                ],
            },
        ),
        Function(
            TypedFunctionDef {
                export: Some(
                    Script,
                ),
                name: Identifier {
                    name: "main",
                    span: 42..46,
                },
                params: [],
                return_type: Unit,
                body: TypedBlock {
                    statements: [
                        Expression(
                            Spanned {
                                node: TypedExpr {
                                    ty: Unit,
                                    kind: Call {
                                        callee: Spanned {
                                            node: TypedExpr {
                                                ty: Function {
                                                    kind: Emit,
                                                    name_span: 20..25,
                                                    params: [],
                                                    param_spans: [],
                                                    result: Unit,
                                                    callee: Some(
                                                        Named(
                                                            "Hello",
                                                        ),
                                                    ),
                                                },
                                                kind: ScopedName {
                                                    name: [
                                                        Identifier {
                                                            name: "Hello",
                                                            span: 60..65,
                                                        },
                                                    ],
                                                    constant: Some(
                                                        0,
                                                    ),
                                                },
                                            },
                                            span: 60..65,
                                        },
                                        args: [],
                                    },
                                },
                                span: 60..65,
                            },
                        ),
                    ],
                    tail_expression: None,
                },
            },
        ),
    ],
}

==== Core WebAssembly ====
(module
  (type (;0;) (func))
  (import "starstream:events/foo" "hello" (func (;0;) (type 0)))
  (export "main" (func 1))
  (func (;1;) (type 0)
    (call 0)
  )
  (@custom "component-type"
    (component
      (@custom "wit-component-encoding" "\04\00")
      (type (;0;)
        (component
          (type (;0;)
            (component
              (type (;0;) (func))
              (export (;0;) "main" (func (type 0)))
              (type (;1;)
                (instance
                  (type (;0;) (func))
                  (export (;0;) "hello" (func (type 0)))
                )
              )
              (import "starstream:events/foo" (instance (;0;) (type 1)))
            )
          )
          (export (;0;) "my-namespace:my-package/my-world" (component (type 0)))
        )
      )
      (export (;1;) "x" (type 0))
    )
  )
)

==== WIT ====
package root:component;

world root {
  import starstream:events/foo;

  export main: func();
}
package starstream:events {
  interface foo {
    hello: func();
  }
}
