---
source: starstream-to-wasm/tests/snapshots.rs
input_file: starstream-to-wasm/tests/inputs/utxo_storage.star
---
==== AST ====
Program {
    shebang: None,
    definitions: [
        Spanned {
            node: Utxo(
                UtxoDef {
                    name: Identifier {
                        name: "MyUtxo",
                        span: Some(
                            5..11,
                        ),
                    },
                    parts: [
                        Storage(
                            [
                                UtxoGlobal {
                                    name: Identifier {
                                        name: "counter",
                                        span: Some(
                                            44..51,
                                        ),
                                    },
                                    ty: TypeAnnotation {
                                        name: Identifier {
                                            name: "i64",
                                            span: Some(
                                                53..56,
                                            ),
                                        },
                                        generics: [],
                                    },
                                },
                            ],
                        ),
                    ],
                },
            ),
            span: 0..67,
        },
        Spanned {
            node: Function(
                FunctionDef {
                    export: Some(
                        Script,
                    ),
                    name: Identifier {
                        name: "increment",
                        span: Some(
                            77..86,
                        ),
                    },
                    params: [],
                    return_type: Some(
                        TypeAnnotation {
                            name: Identifier {
                                name: "i64",
                                span: Some(
                                    92..95,
                                ),
                            },
                            generics: [],
                        },
                    ),
                    body: Block {
                        statements: [
                            Spanned {
                                node: Assignment {
                                    target: Identifier {
                                        name: "counter",
                                        span: Some(
                                            102..109,
                                        ),
                                    },
                                    value: Spanned {
                                        node: Binary {
                                            op: Add,
                                            left: Spanned {
                                                node: Identifier(
                                                    Identifier {
                                                        name: "counter",
                                                        span: Some(
                                                            112..119,
                                                        ),
                                                    },
                                                ),
                                                span: 112..120,
                                            },
                                            right: Spanned {
                                                node: Literal(
                                                    Integer(
                                                        1,
                                                    ),
                                                ),
                                                span: 122..123,
                                            },
                                        },
                                        span: 112..123,
                                    },
                                },
                                span: 102..129,
                            },
                        ],
                        tail_expression: Some(
                            Spanned {
                                node: Identifier(
                                    Identifier {
                                        name: "counter",
                                        span: Some(
                                            129..136,
                                        ),
                                    },
                                ),
                                span: 129..137,
                            },
                        ),
                        span: 96..139,
                    },
                },
            ),
            span: 67..139,
        },
    ],
}

==== Inference trace ====
T-Utxo: MyUtxo => 

T-Fn: increment => i64
  T-Assign: {counter: i64} ⊢ counter = counter + 1; ⇒ i64
    T-Bin-Add: {counter: i64} ⊢ counter + 1 ⇒ i64
      T-Var: {counter: i64} ⊢ counter ⇒ i64
      T-Int: {counter: i64} ⊢ 1 ⇒ t3
      Unify-Var: i64 ~ t3 => {i64/t3}
    Unify-Const: i64 ~ i64 => {}
  T-ReturnTail: counter => i64
    T-Var: {counter: i64} ⊢ counter ⇒ i64
    Unify-Const: i64 ~ i64 => {}

==== Typed AST ====
TypedProgram {
    definitions: [
        Utxo(
            TypedUtxoDef {
                name: Identifier {
                    name: "MyUtxo",
                    span: Some(
                        5..11,
                    ),
                },
                parts: [
                    Storage(
                        [
                            TypedUtxoGlobal {
                                name: Identifier {
                                    name: "counter",
                                    span: Some(
                                        44..51,
                                    ),
                                },
                                ty: Int(
                                    I64,
                                ),
                            },
                        ],
                    ),
                ],
            },
        ),
        Function(
            TypedFunctionDef {
                export: Some(
                    Script,
                ),
                name: Identifier {
                    name: "increment",
                    span: Some(
                        77..86,
                    ),
                },
                params: [],
                return_type: Int(
                    I64,
                ),
                effect: Pure,
                body: TypedBlock {
                    statements: [
                        Assignment {
                            target: Identifier {
                                name: "counter",
                                span: Some(
                                    102..109,
                                ),
                            },
                            value: Spanned {
                                node: TypedExpr {
                                    ty: Int(
                                        I64,
                                    ),
                                    kind: Binary {
                                        op: Add,
                                        left: Spanned {
                                            node: TypedExpr {
                                                ty: Int(
                                                    I64,
                                                ),
                                                kind: Identifier(
                                                    Identifier {
                                                        name: "counter",
                                                        span: Some(
                                                            112..119,
                                                        ),
                                                    },
                                                ),
                                            },
                                            span: 112..120,
                                        },
                                        right: Spanned {
                                            node: TypedExpr {
                                                ty: Int(
                                                    I64,
                                                ),
                                                kind: Literal(
                                                    Integer(
                                                        1,
                                                    ),
                                                ),
                                            },
                                            span: 122..123,
                                        },
                                    },
                                },
                                span: 112..123,
                            },
                        },
                    ],
                    tail_expression: Some(
                        Spanned {
                            node: TypedExpr {
                                ty: Int(
                                    I64,
                                ),
                                kind: Identifier(
                                    Identifier {
                                        name: "counter",
                                        span: Some(
                                            129..136,
                                        ),
                                    },
                                ),
                            },
                            span: 129..137,
                        },
                    ),
                },
            },
        ),
    ],
}

==== Core WebAssembly ====
(module
  (type (;0;) (func (param i64 i64) (result i64)))
  (type (;1;) (func (result i64)))
  (type (;2;) (func (param i64)))
  (global (;0;) (mut i64) (i64.const 0))
  (export "increment" (func 1))
  (export "get-storage" (func 2))
  (export "set-storage" (func 3))
  (func (;0;) (type 0) (param i64 i64) (result i64)
    (local i64)
    (local.tee 2
      (i64.add
        (local.get 0)
        (local.get 1)))
    (if ;; label = @1
      (i32.ne
        (i32.and
          (i64.ge_s
            (i64.xor
              (local.get 0)
              (local.get 1))
            (i64.const 0))
          (i64.lt_s
            (i64.xor
              (local.get 2)
              (local.get 0))
            (i64.const 0)))
        (i32.const 0))
      (then
        (unreachable)))
  )
  (func (;1;) (type 1) (result i64)
    (global.set 0
      (call 0
        (global.get 0)
        (i64.const 1)))
    (global.get 0)
  )
  (func (;2;) (type 1) (result i64)
    (global.get 0)
  )
  (func (;3;) (type 2) (param i64)
    (global.set 0
      (local.get 0))
  )
  (@custom "component-type"
    (component
      (@custom "wit-component-encoding" "\04\00")
      (type (;0;)
        (component
          (type (;0;)
            (component
              (type (;0;) (func (result s64)))
              (export (;0;) "increment" (func (type 0)))
              (type (;1;) (record (field "counter" s64)))
              (import "storage" (type (;2;) (eq 1)))
              (type (;3;) (func (result 2)))
              (export (;1;) "get-storage" (func (type 3)))
              (type (;4;) (func (param "storage" 2)))
              (export (;2;) "set-storage" (func (type 4)))
            )
          )
          (export (;0;) "my-namespace:my-package/my-world" (component (type 0)))
        )
      )
      (export (;1;) "x" (type 0))
    )
  )
)

==== WIT ====
package root:component;

world root {
  record storage {
    counter: s64,
  }

  export increment: func() -> s64;
  export get-storage: func() -> storage;
  export set-storage: func(storage: storage);
}
