---
source: starstream-to-wasm/tests/snapshots.rs
input_file: starstream-to-wasm/tests/inputs/while_simple.star
---
(module
  (type (;0;) (func))
  (export "main" (func 0))
  (func (;0;) (type 0)
    (local i64)
    (local.set 0
      (i64.const 0))
    (block ;; label = @1
      (loop ;; label = @2
        (br_if 1 (;@1;)
          (i32.eqz
            (i64.lt_s
              (local.get 0)
              (i64.const 10))))
        (local.set 0
          (i64.add
            (local.get 0)
            (i64.const 1)))
        (br 0 (;@2;))))
  )
  (@custom "component-type"
    (component
      (@custom "wit-component-encoding" "\04\00")
      (type (;0;)
        (component
          (type (;0;)
            (component
              (type (;0;) (func))
              (export (;0;) "main" (func (type 0)))
            )
          )
          (export (;0;) "my-namespace:my-package/my-world" (component (type 0)))
        )
      )
      (export (;1;) "x" (type 0))
    )
  )
)
