---
source: starstream-compiler/src/parser/expression/primary/mod.rs
description: "Code:\n\n(1 + 2)"
---
Spanned {
    node: Grouping(
        Spanned {
            node: Binary {
                op: Add,
                left: Spanned {
                    node: Literal(
                        Integer(
                            1,
                        ),
                    ),
                    span: 1..2,
                    comments_before: [],
                    comments_after: [],
                },
                right: Spanned {
                    node: Literal(
                        Integer(
                            2,
                        ),
                    ),
                    span: 5..6,
                    comments_before: [],
                    comments_after: [],
                },
            },
            span: 1..6,
            comments_before: [],
            comments_after: [],
        },
    ),
    span: 0..7,
    comments_before: [],
    comments_after: [],
}
