---
source: starstream-compiler/src/parser/expression/primary/raise.rs
description: "Code:\n\nraise blockHeight()"
---
Spanned {
    node: Raise {
        expr: Spanned {
            node: Call {
                callee: Spanned {
                    node: Identifier(
                        Identifier {
                            name: "blockHeight",
                            span: Some(
                                6..17,
                            ),
                        },
                    ),
                    span: 6..17,
                },
                args: [],
            },
            span: 6..19,
        },
    },
    span: 0..19,
}
