---
source: starstream-compiler/src/parser/expression/primary/emit.rs
description: "Code:\n\n// Transfer event\nemit Transfer(sender, to, amount)\n"
---
Spanned {
    node: Emit {
        event: Identifier {
            name: "Transfer",
            span: Some(
                23..31,
            ),
        },
        args: [
            Spanned {
                node: Identifier(
                    Identifier {
                        name: "sender",
                        span: Some(
                            32..38,
                        ),
                    },
                ),
                span: 32..38,
            },
            Spanned {
                node: Identifier(
                    Identifier {
                        name: "to",
                        span: Some(
                            40..42,
                        ),
                    },
                ),
                span: 40..42,
            },
            Spanned {
                node: Identifier(
                    Identifier {
                        name: "amount",
                        span: Some(
                            44..50,
                        ),
                    },
                ),
                span: 44..50,
            },
        ],
    },
    span: 18..52,
}
