---
source: starstream-compiler/src/parser/expression/primary/raise.rs
description: "Code:\n\nraise context::blockHeight()"
---
Spanned {
    node: Raise {
        expr: Spanned {
            node: EnumConstructor {
                enum_name: Identifier {
                    name: "context",
                    span: 6..13,
                },
                variant: Identifier {
                    name: "blockHeight",
                    span: 15..26,
                },
                payload: Tuple(
                    [],
                ),
            },
            span: 6..28,
        },
    },
    span: 0..28,
}
